version: v2
managed:
  enabled: true
  override:
    - file_option: go_package_prefix
      value: github.com/redpanda-data/protoc-gen-go-mcp/pkg/testdata/gen/go-golden
  disable:
    - file_option: go_package
      module: buf.build/googleapis/googleapis
plugins:
  - remote: buf.build/protocolbuffers/go
    out: ./gen/go-golden
    opt: paths=source_relative
  - remote: buf.build/grpc/go:v1.5.1
    out: ./gen/go-golden
    opt:
    - paths=source_relative
  - remote: buf.build/connectrpc/go:v1.18.1
    out: ./gen/go-golden
    opt:
    - paths=source_relative
  - local: ["go","run","../../cmd/protoc-gen-go-mcp"]
    out: ./gen/go-golden
    opt:
      - paths=source_relative
